Archive member included to satisfy reference by file (symbol)

c:/nxp/mcuxpressoide_10.2.1_795/ide/tools/bin/../lib/gcc/arm-none-eabi/7.2.1/../../../../arm-none-eabi/lib/thumb/v7e-m/fpv4-sp/hard\libcr_semihost_nf.a(_cr__main.o)
                              ./startup/startup_mk66f18.o (__main)
c:/nxp/mcuxpressoide_10.2.1_795/ide/tools/bin/../lib/gcc/arm-none-eabi/7.2.1/../../../../arm-none-eabi/lib/thumb/v7e-m/fpv4-sp/hard\libcr_semihost_nf.a(_cr_assert.o)
                              ./drivers/fsl_clock.o (__assertion_failed)
c:/nxp/mcuxpressoide_10.2.1_795/ide/tools/bin/../lib/gcc/arm-none-eabi/7.2.1/../../../../arm-none-eabi/lib/thumb/v7e-m/fpv4-sp/hard\libcr_semihost_nf.a(__ciob.o)
                              c:/nxp/mcuxpressoide_10.2.1_795/ide/tools/bin/../lib/gcc/arm-none-eabi/7.2.1/../../../../arm-none-eabi/lib/thumb/v7e-m/fpv4-sp/hard\libcr_semihost_nf.a(_cr_assert.o) (__Ciob)
c:/nxp/mcuxpressoide_10.2.1_795/ide/tools/bin/../lib/gcc/arm-none-eabi/7.2.1/../../../../arm-none-eabi/lib/thumb/v7e-m/fpv4-sp/hard\libcr_semihost_nf.a(__sys_appexit.o)
                              c:/nxp/mcuxpressoide_10.2.1_795/ide/tools/bin/../lib/gcc/arm-none-eabi/7.2.1/../../../../arm-none-eabi/lib/thumb/v7e-m/fpv4-sp/hard\libcr_semihost_nf.a(_cr_assert.o) (__sys_appexit)
c:/nxp/mcuxpressoide_10.2.1_795/ide/tools/bin/../lib/gcc/arm-none-eabi/7.2.1/../../../../arm-none-eabi/lib/thumb/v7e-m/fpv4-sp/hard\libcr_c.a(_deferredlazyseek.o)
                              c:/nxp/mcuxpressoide_10.2.1_795/ide/tools/bin/../lib/gcc/arm-none-eabi/7.2.1/../../../../arm-none-eabi/lib/thumb/v7e-m/fpv4-sp/hard\libcr_semihost_nf.a(_cr_assert.o) (__flsbuf)
c:/nxp/mcuxpressoide_10.2.1_795/ide/tools/bin/../lib/gcc/arm-none-eabi/7.2.1/../../../../arm-none-eabi/lib/thumb/v7e-m/fpv4-sp/hard\libcr_c.a(_fflush.o)
                              c:/nxp/mcuxpressoide_10.2.1_795/ide/tools/bin/../lib/gcc/arm-none-eabi/7.2.1/../../../../arm-none-eabi/lib/thumb/v7e-m/fpv4-sp/hard\libcr_c.a(_deferredlazyseek.o) (_fflush)
c:/nxp/mcuxpressoide_10.2.1_795/ide/tools/bin/../lib/gcc/arm-none-eabi/7.2.1/../../../../arm-none-eabi/lib/thumb/v7e-m/fpv4-sp/hard\libcr_c.a(_writebuf.o)
                              c:/nxp/mcuxpressoide_10.2.1_795/ide/tools/bin/../lib/gcc/arm-none-eabi/7.2.1/../../../../arm-none-eabi/lib/thumb/v7e-m/fpv4-sp/hard\libcr_c.a(_deferredlazyseek.o) (_Cwritebuf)
c:/nxp/mcuxpressoide_10.2.1_795/ide/tools/bin/../lib/gcc/arm-none-eabi/7.2.1/../../../../arm-none-eabi/lib/thumb/v7e-m/fpv4-sp/hard\libcr_c.a(alloc.o)
                              ./drivers/fsl_common.o (malloc)
c:/nxp/mcuxpressoide_10.2.1_795/ide/tools/bin/../lib/gcc/arm-none-eabi/7.2.1/../../../../arm-none-eabi/lib/thumb/v7e-m/fpv4-sp/hard\libcr_c.a(fputs.o)
                              c:/nxp/mcuxpressoide_10.2.1_795/ide/tools/bin/../lib/gcc/arm-none-eabi/7.2.1/../../../../arm-none-eabi/lib/thumb/v7e-m/fpv4-sp/hard\libcr_semihost_nf.a(_cr_assert.o) (fputs)
c:/nxp/mcuxpressoide_10.2.1_795/ide/tools/bin/../lib/gcc/arm-none-eabi/7.2.1/../../../../arm-none-eabi/lib/thumb/v7e-m/fpv4-sp/hard\libcr_c.a(fseek.o)
                              c:/nxp/mcuxpressoide_10.2.1_795/ide/tools/bin/../lib/gcc/arm-none-eabi/7.2.1/../../../../arm-none-eabi/lib/thumb/v7e-m/fpv4-sp/hard\libcr_c.a(_deferredlazyseek.o) (fseek)
c:/nxp/mcuxpressoide_10.2.1_795/ide/tools/bin/../lib/gcc/arm-none-eabi/7.2.1/../../../../arm-none-eabi/lib/thumb/v7e-m/fpv4-sp/hard\libcr_c.a(ftell.o)
                              c:/nxp/mcuxpressoide_10.2.1_795/ide/tools/bin/../lib/gcc/arm-none-eabi/7.2.1/../../../../arm-none-eabi/lib/thumb/v7e-m/fpv4-sp/hard\libcr_c.a(fseek.o) (ftell)
c:/nxp/mcuxpressoide_10.2.1_795/ide/tools/bin/../lib/gcc/arm-none-eabi/7.2.1/../../../../arm-none-eabi/lib/thumb/v7e-m/fpv4-sp/hard\libcr_c.a(initio.o)
                              c:/nxp/mcuxpressoide_10.2.1_795/ide/tools/bin/../lib/gcc/arm-none-eabi/7.2.1/../../../../arm-none-eabi/lib/thumb/v7e-m/fpv4-sp/hard\libcr_semihost_nf.a(_cr__main.o) (_initio)
c:/nxp/mcuxpressoide_10.2.1_795/ide/tools/bin/../lib/gcc/arm-none-eabi/7.2.1/../../../../arm-none-eabi/lib/thumb/v7e-m/fpv4-sp/hard\libcr_c.a(setvbuf.o)
                              c:/nxp/mcuxpressoide_10.2.1_795/ide/tools/bin/../lib/gcc/arm-none-eabi/7.2.1/../../../../arm-none-eabi/lib/thumb/v7e-m/fpv4-sp/hard\libcr_c.a(initio.o) (setvbuf)
c:/nxp/mcuxpressoide_10.2.1_795/ide/tools/bin/../lib/gcc/arm-none-eabi/7.2.1/../../../../arm-none-eabi/lib/thumb/v7e-m/fpv4-sp/hard\libcr_c.a(memcpy.o)
                              c:/nxp/mcuxpressoide_10.2.1_795/ide/tools/bin/../lib/gcc/arm-none-eabi/7.2.1/../../../../arm-none-eabi/lib/thumb/v7e-m/fpv4-sp/hard\libcr_c.a(alloc.o) (memcpy)
c:/nxp/mcuxpressoide_10.2.1_795/ide/tools/bin/../lib/gcc/arm-none-eabi/7.2.1/../../../../arm-none-eabi/lib/thumb/v7e-m/fpv4-sp/hard\libcr_c.a(memset.o)
[...]
Memory Configuration

Name             Origin             Length             Attributes
PROGRAM_FLASH    0x00000000         0x00100000         xr
SRAM_UPPER       0x20000000         0x00030000         xrw
SRAM_LOWER       0x1fff0000         0x00010000         xrw
FLEX_RAM         0x14000000         0x00001000         xrw
*default*        0x00000000         0xffffffff

Linker script and memory map

LOAD ./startup/startup_mk66f18.o
LOAD ./source/led_driver.o
LOAD ./source/main.o
LOAD ./source/semihost_hardfault.o
LOAD ./drivers/fsl_clock.o
LOAD ./drivers/fsl_common.o
LOAD ./drivers/fsl_gpio.o
LOAD ./drivers/fsl_tpm.o
LOAD ./board/board.o
LOAD ./board/clock_config.o
LOAD ./board/peripherals.o
LOAD ./board/pin_mux.o
LOAD ./CMSIS/system_MK66F18.o
START GROUP
LOAD c:/nxp/mcuxpressoide_10.2.1_795/ide/tools/bin/../lib/gcc/arm-none-eabi/7.2.1/../../../../arm-none-eabi/lib/thumb/v7e-m/fpv4-sp/hard\libcr_semihost_nf.a
LOAD c:/nxp/mcuxpressoide_10.2.1_795/ide/tools/bin/../lib/gcc/arm-none-eabi/7.2.1/../../../../arm-none-eabi/lib/thumb/v7e-m/fpv4-sp/hard\libcr_c.a
LOAD c:/nxp/mcuxpressoide_10.2.1_795/ide/tools/bin/../lib/gcc/arm-none-eabi/7.2.1/thumb/v7e-m/fpv4-sp/hard\libcr_eabihelpers.a
END GROUP
                0x00000000                __base_PROGRAM_FLASH = 0x0
                0x00000000                __base_Flash = 0x0
                0x00100000                __top_PROGRAM_FLASH = 0x100000
                0x00100000                __top_Flash = 0x100000
                0x20000000                __base_SRAM_UPPER = 0x20000000
                0x20000000                __base_RAM = 0x20000000
                0x20030000                __top_SRAM_UPPER = 0x20030000
                0x20030000                __top_RAM = 0x20030000
                0x1fff0000                __base_SRAM_LOWER = 0x1fff0000
                0x1fff0000                __base_RAM2 = 0x1fff0000
                0x20000000                __top_SRAM_LOWER = 0x20000000
                0x20000000                __top_RAM2 = 0x20000000
                0x14000000                __base_FLEX_RAM = 0x14000000
                0x14000000                __base_RAM3 = 0x14000000
                0x14001000                __top_FLEX_RAM = 0x14001000
                0x14001000                __top_RAM3 = 0x14001000

.text           0x00000000     0x2290
 FILL mask 0xff
                0x00000000                __vectors_start__ = ABSOLUTE (.)
 *(SORT_BY_ALIGNMENT(.isr_vector))
 .isr_vector    0x00000000      0x1d0 ./startup/startup_mk66f18.o
                0x00000000                g_pfnVectors
                0x00000000                __Vectors
                0x000001d0                . = ALIGN (0x4)
                0x000001d0                __section_table_start = .
                0x000001d0                __data_section_table = .
                0x000001d0        0x4 LONG 0x2290 LOADADDR (.data)
                0x000001d4        0x4 LONG 0x20000000 ADDR (.data)
                0x000001d8        0x4 LONG 0x8 SIZEOF (.data)
                0x000001dc        0x4 LONG 0x2290 LOADADDR (.data_RAM2)
                0x000001e0        0x4 LONG 0x1fff0000 ADDR (.data_RAM2)
                0x000001e4        0x4 LONG 0x0 SIZEOF (.data_RAM2)
                0x000001e8        0x4 LONG 0x2290 LOADADDR (.data_RAM3)
                0x000001ec        0x4 LONG 0x14000000 ADDR (.data_RAM3)
                0x000001f0        0x4 LONG 0x0 SIZEOF (.data_RAM3)
                0x000001f4                __data_section_table_end = .
                0x000001f4                __bss_section_table = .
                0x000001f4        0x4 LONG 0x20000008 ADDR (.bss)
                0x000001f8        0x4 LONG 0xe0 SIZEOF (.bss)
                0x000001fc        0x4 LONG 0x1fff0000 ADDR (.bss_RAM2)
                0x00000200        0x4 LONG 0x0 SIZEOF (.bss_RAM2)
                0x00000204        0x4 LONG 0x14000000 ADDR (.bss_RAM3)
                0x00000208        0x4 LONG 0x0 SIZEOF (.bss_RAM3)
                0x0000020c                __bss_section_table_end = .
                0x0000020c                __section_table_end = .
 *(SORT_BY_ALIGNMENT(.after_vectors*))
 .after_vectors.reset
                0x0000020c       0x4c ./startup/startup_mk66f18.o
                0x0000020c                ResetISR
 .after_vectors.init_data
                0x00000258       0x1e ./startup/startup_mk66f18.o
                0x00000258                data_init
 .after_vectors.init_bss
                0x00000276       0x12 ./startup/startup_mk66f18.o
                0x00000276                bss_init
 .after_vectors
                0x00000288       0x14 ./startup/startup_mk66f18.o
                0x00000288                NMI_Handler
                0x0000028c                MemManage_Handler
                0x0000028e                BusFault_Handler
                0x00000290                UsageFault_Handler
                0x00000292                SVC_Handler
                0x00000294                DebugMon_Handler
                0x00000296                PendSV_Handler
                0x00000298                SysTick_Handler
                0x0000029a                DMA_Error_DriverIRQHandler
                0x0000029a                FTM1_DriverIRQHandler
                0x0000029a                FTM2_DriverIRQHandler
                0x0000029a                PIT2_DriverIRQHandler
                0x0000029a                TPM2_DriverIRQHandler
                0x0000029a                SDHC_DriverIRQHandler
                0x0000029a                DMA7_DMA23_DriverIRQHandler
                0x0000029a                I2C3_DriverIRQHandler
                0x0000029a                I2S0_Tx_DriverIRQHandler
                0x0000029a                TSI0_DriverIRQHandler
                0x0000029a                RTC_Seconds_DriverIRQHandler
                0x0000029a                CMP3_DriverIRQHandler
                0x0000029a                LLWU_DriverIRQHandler
                0x0000029a                MCM_DriverIRQHandler
                0x0000029a                DMA14_DMA30_DriverIRQHandler
                0x0000029a                MCG_DriverIRQHandler
                0x0000029a                ENET_1588_Timer_DriverIRQHandler
                0x0000029a                I2C2_DriverIRQHandler
                0x0000029a                DAC1_DriverIRQHandler
                0x0000029a                LPTMR0_DriverIRQHandler
                0x0000029a                CMP1_DriverIRQHandler
                0x0000029a                USBHSDCD_DriverIRQHandler
                0x0000029a                DMA0_DMA16_DriverIRQHandler
                0x0000029a                FTM0_DriverIRQHandler
                0x0000029a                IntDefaultHandler
                0x0000029a                USB0_DriverIRQHandler
                0x0000029a                PORTC_DriverIRQHandler
                0x0000029a                DMA2_DMA18_DriverIRQHandler
                0x0000029a                DAC0_DriverIRQHandler
                0x0000029a                CMP2_DriverIRQHandler
                0x0000029a                UART2_ERR_DriverIRQHandler
                0x0000029a                SPI2_DriverIRQHandler
                0x0000029a                LVD_LVW_DriverIRQHandler
                0x0000029a                Reserved84_DriverIRQHandler
                0x0000029a                PIT0_DriverIRQHandler
                0x0000029a                RNG_DriverIRQHandler
                0x0000029a                SPI1_DriverIRQHandler
                0x0000029a                USBDCD_DriverIRQHandler
                0x0000029a                UART3_ERR_DriverIRQHandler
                0x0000029a                DMA12_DMA28_DriverIRQHandler
                0x0000029a                DMA10_DMA26_DriverIRQHandler
                0x0000029a                UART0_ERR_DriverIRQHandler
                0x0000029a                CMT_DriverIRQHandler
                0x0000029a                Reserved71_DriverIRQHandler
                0x0000029a                ADC1_DriverIRQHandler
                0x0000029a                PORTA_DriverIRQHandler
                0x0000029a                DMA1_DMA17_DriverIRQHandler
                0x0000029a                PIT3_DriverIRQHandler
                0x0000029a                PIT1_DriverIRQHandler
                0x0000029a                TPM1_DriverIRQHandler
                0x0000029a                WDOG_EWM_DriverIRQHandler
                0x0000029a                PDB0_DriverIRQHandler
                0x0000029a                DMA8_DMA24_DriverIRQHandler
                0x0000029a                DMA6_DMA22_DriverIRQHandler
                0x0000029a                RTC_DriverIRQHandler
                0x0000029a                I2S0_Rx_DriverIRQHandler
                0x0000029a                Read_Collision_DriverIRQHandler
                0x0000029a                SWI_DriverIRQHandler
                0x0000029a                UART4_RX_TX_DriverIRQHandler
                0x0000029a                UART4_ERR_DriverIRQHandler
                0x0000029a                PORTB_DriverIRQHandler
                0x0000029a                DMA13_DMA29_DriverIRQHandler
                0x0000029a                DMA11_DMA27_DriverIRQHandler
                0x0000029a                DMA4_DMA20_DriverIRQHandler
                0x0000029a                DMA9_DMA25_DriverIRQHandler
                0x0000029a                I2C1_DriverIRQHandler
                0x0000029a                UART3_RX_TX_DriverIRQHandler
                0x0000029a                ENET_Receive_DriverIRQHandler
                0x0000029a                DMA3_DMA19_DriverIRQHandler
                0x0000029a                ENET_Error_DriverIRQHandler
                0x0000029a                LPUART0_DriverIRQHandler
                0x0000029a                Reserved85_DriverIRQHandler
                0x0000029a                UART0_RX_TX_DriverIRQHandler
                0x0000029a                SPI0_DriverIRQHandler
                0x0000029a                ADC0_DriverIRQHandler
                0x0000029a                USBHS_DriverIRQHandler
                0x0000029a                CMP0_DriverIRQHandler
                0x0000029a                CAN0_DriverIRQHandler
                0x0000029a                FTM3_DriverIRQHandler
                0x0000029a                DMA5_DMA21_DriverIRQHandler
                0x0000029a                UART2_RX_TX_DriverIRQHandler
                0x0000029a                DMA15_DMA31_DriverIRQHandler
                0x0000029a                UART1_ERR_DriverIRQHandler
                0x0000029a                ENET_Transmit_DriverIRQHandler
                0x0000029a                PORTD_DriverIRQHandler
                0x0000029a                Reserved46_DriverIRQHandler
                0x0000029a                PORTE_DriverIRQHandler
                0x0000029a                FTFE_DriverIRQHandler
                0x0000029a                I2C0_DriverIRQHandler
                0x0000029a                CAN1_DriverIRQHandler
                0x0000029a                UART1_RX_TX_DriverIRQHandler
                0x00000400                . = 0x400
 *fill*         0x0000029c      0x164 ff
                0x00000400                PROVIDE (__FLASH_CONFIG_START__, .)
 *(SORT_BY_ALIGNMENT(.FlashConfig))
 .FlashConfig   0x00000400       0x10 ./startup/startup_mk66f18.o
                0x00000400                Flash_Config
                0x00000410                PROVIDE (__FLASH_CONFIG_END__, .)
                0x00000001                ASSERT (! ((__FLASH_CONFIG_START__ == __FLASH_CONFIG_END__)), Linker Flash Config Support Enabled, but no .FlashConfig section provided within application)
 *(SORT_BY_ALIGNMENT(.text*))
 .text.update_leds
                0x00000410       0x28 ./source/led_driver.o
                0x00000410                update_leds
 .text.main     0x00000438       0x34 ./source/main.o
                0x00000438                main
 .text.CLOCK_SetEr32kClock
                0x0000046c       0x30 ./drivers/fsl_clock.o
 .text.CLOCK_SetPllFllSelClock
                0x0000049c       0x58 ./drivers/fsl_clock.o
 .text.CLOCK_SetSimConfig
                0x000004f4       0x44 ./drivers/fsl_clock.o
                0x000004f4                CLOCK_SetSimConfig
 .text.CLOCK_SetInternalRefClkConfig
                0x00000538      0x104 ./drivers/fsl_clock.o
                0x00000538                CLOCK_SetInternalRefClkConfig
 .text.CLOCK_SetFeiMode
                0x0000063c       0xc0 ./drivers/fsl_clock.o
                0x0000063c                CLOCK_SetFeiMode
 .text.GPIO_PinInit
                0x000006fc       0x64 ./drivers/fsl_gpio.o
                0x000006fc                GPIO_PinInit
 .text.TPM_GetInstance
                0x00000760       0x54 ./drivers/fsl_tpm.o
 .text.TPM_Init
                0x000007b4       0xd4 ./drivers/fsl_tpm.o
                0x000007b4                TPM_Init
 .text.TPM_SetupPwm
                0x00000888      0x3a0 ./drivers/fsl_tpm.o
                0x00000888                TPM_SetupPwm
 .text.CLOCK_SetTpmClock
                0x00000c28       0x3c ./board/clock_config.o
 .text.CLOCK_SetSimSafeDivs
                0x00000c64       0x24 ./board/clock_config.o
 .text.BOARD_BootClockRUN
                0x00000c88       0x44 ./board/clock_config.o
                0x00000c88                BOARD_BootClockRUN
 .text.__NVIC_EnableIRQ
                0x00000ccc       0x3c ./board/peripherals.o
 .text.TPM1_IRQHandler
                0x00000d08       0x94 ./board/peripherals.o
                0x00000d08                TPM1_IRQHandler
 .text.dual_pwm_init
                0x00000d9c       0x48 ./board/peripherals.o
                0x00000d9c                dual_pwm_init
 .text.BOARD_InitPins
                0x00000de4      0x1a0 ./board/pin_mux.o
                0x00000de4                BOARD_InitPins
 .text.SystemInit
                0x00000f84       0x3c ./CMSIS/system_MK66F18.o
                0x00000f84                SystemInit
 .text.__assertion_failed
                0x00000fc0       0x4c c:/nxp/mcuxpressoide_10.2.1_795/ide/tools/bin/../lib/gcc/arm-none-eabi/7.2.1/../../../../arm-none-eabi/lib/thumb/v7e-m/fpv4-sp/hard\libcr_semihost_nf.a(_cr_assert.o)
                0x00000fc0                __assertion_failed
 .text.__sys_appexit
                0x0000100c        0xc c:/nxp/mcuxpressoide_10.2.1_795/ide/tools/bin/../lib/gcc/arm-none-eabi/7.2.1/../../../../arm-none-eabi/lib/thumb/v7e-m/fpv4-sp/hard\libcr_semihost_nf.a(__sys_appexit.o)
                0x0000100c                __sys_appexit
                0x0000100c                __exit
 .text._Cwritebuf
                0x00001018       0x6c c:/nxp/mcuxpressoide_10.2.1_795/ide/tools/bin/../lib/gcc/arm-none-eabi/7.2.1/../../../../arm-none-eabi/lib/thumb/v7e-m/fpv4-sp/hard\libcr_c.a(_writebuf.o)
                0x00001018                _Cwritebuf
 .text.malloc   0x00001084       0xc8 c:/nxp/mcuxpressoide_10.2.1_795/ide/tools/bin/../lib/gcc/arm-none-eabi/7.2.1/../../../../arm-none-eabi/lib/thumb/v7e-m/fpv4-sp/hard\libcr_c.a(alloc.o)
                0x00001084                malloc
 .text._Csys_alloc
                0x0000114c       0x20 c:/nxp/mcuxpressoide_10.2.1_795/ide/tools/bin/../lib/gcc/arm-none-eabi/7.2.1/../../../../arm-none-eabi/lib/thumb/v7e-m/fpv4-sp/hard\libcr_c.a(alloc.o)
                0x0000114c                _Csys_alloc
 .text.fseek    0x0000116c      0x100 c:/nxp/mcuxpressoide_10.2.1_795/ide/tools/bin/../lib/gcc/arm-none-eabi/7.2.1/../../../../arm-none-eabi/lib/thumb/v7e-m/fpv4-sp/hard\libcr_c.a(fseek.o)
                0x0000116c                fseek
 .text.ftell    0x0000126c       0x44 c:/nxp/mcuxpressoide_10.2.1_795/ide/tools/bin/../lib/gcc/arm-none-eabi/7.2.1/../../../../arm-none-eabi/lib/thumb/v7e-m/fpv4-sp/hard\libcr_c.a(ftell.o)
                0x0000126c                ftell
 .text._initio  0x000012b0       0x78 c:/nxp/mcuxpressoide_10.2.1_795/ide/tools/bin/../lib/gcc/arm-none-eabi/7.2.1/../../../../arm-none-eabi/lib/thumb/v7e-m/fpv4-sp/hard\libcr_c.a(initio.o)
                0x000012b0                _initio
 .text.setvbuf  0x00001328       0x40 c:/nxp/mcuxpressoide_10.2.1_795/ide/tools/bin/../lib/gcc/arm-none-eabi/7.2.1/../../../../arm-none-eabi/lib/thumb/v7e-m/fpv4-sp/hard\libcr_c.a(setvbuf.o)
                0x00001328                setvbuf
 .text._sbrk    0x00001368       0x3c c:/nxp/mcuxpressoide_10.2.1_795/ide/tools/bin/../lib/gcc/arm-none-eabi/7.2.1/../../../../arm-none-eabi/lib/thumb/v7e-m/fpv4-sp/hard\libcr_c.a(_cr_sbrk.o)
                0x00001368                _sbrk
 .text.fflush   0x000013a4       0x44 c:/nxp/mcuxpressoide_10.2.1_795/ide/tools/bin/../lib/gcc/arm-none-eabi/7.2.1/../../../../arm-none-eabi/lib/thumb/v7e-m/fpv4-sp/hard\libcr_c.a(fflush.o)
                0x000013a4                fflush
 .text.__check_heap_overflow
                0x000013e8       0x18 c:/nxp/mcuxpressoide_10.2.1_795/ide/tools/bin/../lib/gcc/arm-none-eabi/7.2.1/../../../../arm-none-eabi/lib/thumb/v7e-m/fpv4-sp/hard\libcr_c.a(_cr_check_heap.o)
                0x000013e8                __check_heap_overflow
 .text.DMA0_DMA16_IRQHandler
                0x00001400        0x8 ./startup/startup_mk66f18.o
                0x00001400                DMA0_DMA16_IRQHandler
 .text.DMA1_DMA17_IRQHandler
                0x00001408        0x8 ./startup/startup_mk66f18.o
                0x00001408                DMA1_DMA17_IRQHandler
 .text.DMA2_DMA18_IRQHandler
                0x00001410        0x8 ./startup/startup_mk66f18.o
                0x00001410                DMA2_DMA18_IRQHandler
 .text.DMA3_DMA19_IRQHandler
                0x00001418        0x8 ./startup/startup_mk66f18.o
                0x00001418                DMA3_DMA19_IRQHandler
 .text.DMA4_DMA20_IRQHandler
                0x00001420        0x8 ./startup/startup_mk66f18.o
                0x00001420                DMA4_DMA20_IRQHandler
 .text.DMA5_DMA21_IRQHandler
                0x00001428        0x8 ./startup/startup_mk66f18.o
                0x00001428                DMA5_DMA21_IRQHandler
 .text.DMA6_DMA22_IRQHandler
                0x00001430        0x8 ./startup/startup_mk66f18.o
                0x00001430                DMA6_DMA22_IRQHandler
 .text.DMA7_DMA23_IRQHandler
                0x00001438        0x8 ./startup/startup_mk66f18.o
                0x00001438                DMA7_DMA23_IRQHandler
 .text.DMA8_DMA24_IRQHandler
                0x00001440        0x8 ./startup/startup_mk66f18.o
                0x00001440                DMA8_DMA24_IRQHandler
 .text.DMA9_DMA25_IRQHandler
                0x00001448        0x8 ./startup/startup_mk66f18.o
                0x00001448                DMA9_DMA25_IRQHandler
 .text.DMA10_DMA26_IRQHandler
                0x00001450        0x8 ./startup/startup_mk66f18.o
                0x00001450                DMA10_DMA26_IRQHandler
 .text.DMA11_DMA27_IRQHandler
                0x00001458        0x8 ./startup/startup_mk66f18.o
                0x00001458                DMA11_DMA27_IRQHandler
 .text.DMA12_DMA28_IRQHandler
                0x00001460        0x8 ./startup/startup_mk66f18.o
                0x00001460                DMA12_DMA28_IRQHandler
 .text.DMA13_DMA29_IRQHandler
                0x00001468        0x8 ./startup/startup_mk66f18.o
                0x00001468                DMA13_DMA29_IRQHandler
 .text.DMA14_DMA30_IRQHandler
                0x00001470        0x8 ./startup/startup_mk66f18.o
                0x00001470                DMA14_DMA30_IRQHandler
 .text.DMA15_DMA31_IRQHandler
                0x00001478        0x8 ./startup/startup_mk66f18.o
                0x00001478                DMA15_DMA31_IRQHandler
 .text.DMA_Error_IRQHandler
                0x00001480        0x8 ./startup/startup_mk66f18.o
                0x00001480                DMA_Error_IRQHandler
 .text.MCM_IRQHandler
                0x00001488        0x8 ./startup/startup_mk66f18.o
                0x00001488                MCM_IRQHandler
 .text.FTFE_IRQHandler
                0x00001490        0x8 ./startup/startup_mk66f18.o
                0x00001490                FTFE_IRQHandler
 .text.Read_Collision_IRQHandler
                0x00001498        0x8 ./startup/startup_mk66f18.o
                0x00001498                Read_Collision_IRQHandler
 .text.LVD_LVW_IRQHandler
                0x000014a0        0x8 ./startup/startup_mk66f18.o
                0x000014a0                LVD_LVW_IRQHandler
 .text.LLWU_IRQHandler
                0x000014a8        0x8 ./startup/startup_mk66f18.o
                0x000014a8                LLWU_IRQHandler
 .text.WDOG_EWM_IRQHandler
                0x000014b0        0x8 ./startup/startup_mk66f18.o
                0x000014b0                WDOG_EWM_IRQHandler
 .text.RNG_IRQHandler
                0x000014b8        0x8 ./startup/startup_mk66f18.o
                0x000014b8                RNG_IRQHandler
 .text.I2C0_IRQHandler
                0x000014c0        0x8 ./startup/startup_mk66f18.o
                0x000014c0                I2C0_IRQHandler
 .text.I2C1_IRQHandler
                0x000014c8        0x8 ./startup/startup_mk66f18.o
                0x000014c8                I2C1_IRQHandler
 .text.SPI0_IRQHandler
                0x000014d0        0x8 ./startup/startup_mk66f18.o
                0x000014d0                SPI0_IRQHandler
 .text.SPI1_IRQHandler
                0x000014d8        0x8 ./startup/startup_mk66f18.o
                0x000014d8                SPI1_IRQHandler
 .text.I2S0_Tx_IRQHandler
                0x000014e0        0x8 ./startup/startup_mk66f18.o
                0x000014e0                I2S0_Tx_IRQHandler
 .text.I2S0_Rx_IRQHandler
                0x000014e8        0x8 ./startup/startup_mk66f18.o
                0x000014e8                I2S0_Rx_IRQHandler
 .text.Reserved46_IRQHandler
                0x000014f0        0x8 ./startup/startup_mk66f18.o
                0x000014f0                Reserved46_IRQHandler
 .text.UART0_RX_TX_IRQHandler
                0x000014f8        0x8 ./startup/startup_mk66f18.o
                0x000014f8                UART0_RX_TX_IRQHandler
 .text.UART0_ERR_IRQHandler
                0x00001500        0x8 ./startup/startup_mk66f18.o
                0x00001500                UART0_ERR_IRQHandler
 .text.UART1_RX_TX_IRQHandler
                0x00001508        0x8 ./startup/startup_mk66f18.o
                0x00001508                UART1_RX_TX_IRQHandler
 .text.UART1_ERR_IRQHandler
                0x00001510        0x8 ./startup/startup_mk66f18.o
                0x00001510                UART1_ERR_IRQHandler
 .text.UART2_RX_TX_IRQHandler
                0x00001518        0x8 ./startup/startup_mk66f18.o
                0x00001518                UART2_RX_TX_IRQHandler
 .text.UART2_ERR_IRQHandler
                0x00001520        0x8 ./startup/startup_mk66f18.o
                0x00001520                UART2_ERR_IRQHandler
 .text.UART3_RX_TX_IRQHandler
                0x00001528        0x8 ./startup/startup_mk66f18.o
                0x00001528                UART3_RX_TX_IRQHandler
 .text.UART3_ERR_IRQHandler
                0x00001530        0x8 ./startup/startup_mk66f18.o
                0x00001530                UART3_ERR_IRQHandler
 .text.ADC0_IRQHandler
                0x00001538        0x8 ./startup/startup_mk66f18.o
                0x00001538                ADC0_IRQHandler
 .text.CMP0_IRQHandler
                0x00001540        0x8 ./startup/startup_mk66f18.o
                0x00001540                CMP0_IRQHandler
 .text.CMP1_IRQHandler
                0x00001548        0x8 ./startup/startup_mk66f18.o
                0x00001548                CMP1_IRQHandler
 .text.FTM0_IRQHandler
                0x00001550        0x8 ./startup/startup_mk66f18.o
                0x00001550                FTM0_IRQHandler
 .text.FTM1_IRQHandler
                0x00001558        0x8 ./startup/startup_mk66f18.o
                0x00001558                FTM1_IRQHandler
 .text.FTM2_IRQHandler
                0x00001560        0x8 ./startup/startup_mk66f18.o
                0x00001560                FTM2_IRQHandler
 .text.CMT_IRQHandler
                0x00001568        0x8 ./startup/startup_mk66f18.o
                0x00001568                CMT_IRQHandler
 .text.RTC_IRQHandler
                0x00001570        0x8 ./startup/startup_mk66f18.o
                0x00001570                RTC_IRQHandler
 .text.RTC_Seconds_IRQHandler
                0x00001578        0x8 ./startup/startup_mk66f18.o
                0x00001578                RTC_Seconds_IRQHandler
 .text.PIT0_IRQHandler
                0x00001580        0x8 ./startup/startup_mk66f18.o
                0x00001580                PIT0_IRQHandler
 .text.PIT1_IRQHandler
                0x00001588        0x8 ./startup/startup_mk66f18.o
                0x00001588                PIT1_IRQHandler
 .text.PIT2_IRQHandler
                0x00001590        0x8 ./startup/startup_mk66f18.o
                0x00001590                PIT2_IRQHandler
 .text.PIT3_IRQHandler
                0x00001598        0x8 ./startup/startup_mk66f18.o
                0x00001598                PIT3_IRQHandler
 .text.PDB0_IRQHandler
                0x000015a0        0x8 ./startup/startup_mk66f18.o
                0x000015a0                PDB0_IRQHandler
 .text.USB0_IRQHandler
                0x000015a8        0x8 ./startup/startup_mk66f18.o
                0x000015a8                USB0_IRQHandler
 .text.USBDCD_IRQHandler
                0x000015b0        0x8 ./startup/startup_mk66f18.o
                0x000015b0                USBDCD_IRQHandler
 .text.Reserved71_IRQHandler
                0x000015b8        0x8 ./startup/startup_mk66f18.o
                0x000015b8                Reserved71_IRQHandler
 .text.DAC0_IRQHandler
                0x000015c0        0x8 ./startup/startup_mk66f18.o
                0x000015c0                DAC0_IRQHandler
 .text.MCG_IRQHandler
                0x000015c8        0x8 ./startup/startup_mk66f18.o
                0x000015c8                MCG_IRQHandler
 .text.LPTMR0_IRQHandler
                0x000015d0        0x8 ./startup/startup_mk66f18.o
                0x000015d0                LPTMR0_IRQHandler
 .text.PORTA_IRQHandler
                0x000015d8        0x8 ./startup/startup_mk66f18.o
                0x000015d8                PORTA_IRQHandler
 .text.PORTB_IRQHandler
                0x000015e0        0x8 ./startup/startup_mk66f18.o
                0x000015e0                PORTB_IRQHandler
 .text.PORTC_IRQHandler
                0x000015e8        0x8 ./startup/startup_mk66f18.o
                0x000015e8                PORTC_IRQHandler
 .text.PORTD_IRQHandler
                0x000015f0        0x8 ./startup/startup_mk66f18.o
                0x000015f0                PORTD_IRQHandler
 .text.PORTE_IRQHandler
                0x000015f8        0x8 ./startup/startup_mk66f18.o
                0x000015f8                PORTE_IRQHandler
 .text.SWI_IRQHandler
                0x00001600        0x8 ./startup/startup_mk66f18.o
                0x00001600                SWI_IRQHandler
 .text.SPI2_IRQHandler
                0x00001608        0x8 ./startup/startup_mk66f18.o
                0x00001608                SPI2_IRQHandler
 .text.UART4_RX_TX_IRQHandler
                0x00001610        0x8 ./startup/startup_mk66f18.o
                0x00001610                UART4_RX_TX_IRQHandler
 .text.UART4_ERR_IRQHandler
                0x00001618        0x8 ./startup/startup_mk66f18.o
                0x00001618                UART4_ERR_IRQHandler
 .text.Reserved84_IRQHandler
                0x00001620        0x8 ./startup/startup_mk66f18.o
                0x00001620                Reserved84_IRQHandler
 .text.Reserved85_IRQHandler
                0x00001628        0x8 ./startup/startup_mk66f18.o
                0x00001628                Reserved85_IRQHandler
 .text.CMP2_IRQHandler
                0x00001630        0x8 ./startup/startup_mk66f18.o
                0x00001630                CMP2_IRQHandler
 .text.FTM3_IRQHandler
                0x00001638        0x8 ./startup/startup_mk66f18.o
                0x00001638                FTM3_IRQHandler
 .text.DAC1_IRQHandler
                0x00001640        0x8 ./startup/startup_mk66f18.o
                0x00001640                DAC1_IRQHandler
 .text.ADC1_IRQHandler
                0x00001648        0x8 ./startup/startup_mk66f18.o
                0x00001648                ADC1_IRQHandler
 .text.I2C2_IRQHandler
                0x00001650        0x8 ./startup/startup_mk66f18.o
                0x00001650                I2C2_IRQHandler
 .text.CAN0_ORed_Message_buffer_IRQHandler
                0x00001658        0x8 ./startup/startup_mk66f18.o
                0x00001658                CAN0_ORed_Message_buffer_IRQHandler
 .text.CAN0_Bus_Off_IRQHandler
                0x00001660        0x8 ./startup/startup_mk66f18.o
                0x00001660                CAN0_Bus_Off_IRQHandler
 .text.CAN0_Error_IRQHandler
                0x00001668        0x8 ./startup/startup_mk66f18.o
                0x00001668                CAN0_Error_IRQHandler
 .text.CAN0_Tx_Warning_IRQHandler
                0x00001670        0x8 ./startup/startup_mk66f18.o
                0x00001670                CAN0_Tx_Warning_IRQHandler
 .text.CAN0_Rx_Warning_IRQHandler
                0x00001678        0x8 ./startup/startup_mk66f18.o
                0x00001678                CAN0_Rx_Warning_IRQHandler
 .text.CAN0_Wake_Up_IRQHandler
                0x00001680        0x8 ./startup/startup_mk66f18.o
                0x00001680                CAN0_Wake_Up_IRQHandler
 .text.SDHC_IRQHandler
                0x00001688        0x8 ./startup/startup_mk66f18.o
                0x00001688                SDHC_IRQHandler
 .text.ENET_1588_Timer_IRQHandler
                0x00001690        0x8 ./startup/startup_mk66f18.o
                0x00001690                ENET_1588_Timer_IRQHandler
 .text.ENET_Transmit_IRQHandler
                0x00001698        0x8 ./startup/startup_mk66f18.o
                0x00001698                ENET_Transmit_IRQHandler
 .text.ENET_Receive_IRQHandler
                0x000016a0        0x8 ./startup/startup_mk66f18.o
                0x000016a0                ENET_Receive_IRQHandler
 .text.ENET_Error_IRQHandler
                0x000016a8        0x8 ./startup/startup_mk66f18.o
                0x000016a8                ENET_Error_IRQHandler
 .text.LPUART0_IRQHandler
                0x000016b0        0x8 ./startup/startup_mk66f18.o
                0x000016b0                LPUART0_IRQHandler
 .text.TSI0_IRQHandler
                0x000016b8        0x8 ./startup/startup_mk66f18.o
                0x000016b8                TSI0_IRQHandler
 .text.TPM2_IRQHandler
                0x000016c0        0x8 ./startup/startup_mk66f18.o
                0x000016c0                TPM2_IRQHandler
 .text.USBHSDCD_IRQHandler
                0x000016c8        0x8 ./startup/startup_mk66f18.o
                0x000016c8                USBHSDCD_IRQHandler
 .text.I2C3_IRQHandler
                0x000016d0        0x8 ./startup/startup_mk66f18.o
                0x000016d0                I2C3_IRQHandler
 .text.CMP3_IRQHandler
                0x000016d8        0x8 ./startup/startup_mk66f18.o
                0x000016d8                CMP3_IRQHandler
 .text.USBHS_IRQHandler
                0x000016e0        0x8 ./startup/startup_mk66f18.o
                0x000016e0                USBHS_IRQHandler
 .text.CAN1_ORed_Message_buffer_IRQHandler
                0x000016e8        0x8 ./startup/startup_mk66f18.o
                0x000016e8                CAN1_ORed_Message_buffer_IRQHandler
 .text.CAN1_Bus_Off_IRQHandler
                0x000016f0        0x8 ./startup/startup_mk66f18.o
                0x000016f0                CAN1_Bus_Off_IRQHandler
 .text.CAN1_Error_IRQHandler
                0x000016f8        0x8 ./startup/startup_mk66f18.o
                0x000016f8                CAN1_Error_IRQHandler
 .text.CAN1_Tx_Warning_IRQHandler
                0x00001700        0x8 ./startup/startup_mk66f18.o
                0x00001700                CAN1_Tx_Warning_IRQHandler
 .text.CAN1_Rx_Warning_IRQHandler
                0x00001708        0x8 ./startup/startup_mk66f18.o
                0x00001708                CAN1_Rx_Warning_IRQHandler
 .text.CAN1_Wake_Up_IRQHandler
                0x00001710        0x8 ./startup/startup_mk66f18.o
                0x00001710                CAN1_Wake_Up_IRQHandler
 .text.TPM_StartTimer
                0x00001718       0x3a ./source/led_driver.o
 .text.GPIO_PinWrite
                0x00001752       0x36 ./source/main.o
 .text.HardFault_Handler
                0x00001788       0x2c ./source/semihost_hardfault.o
                0x00001788                HardFault_Handler
 .text.CLOCK_BootToFeiMode
                0x000017b4       0x26 ./drivers/fsl_clock.o
                0x000017b4                CLOCK_BootToFeiMode
 .text.GPIO_PinWrite
                0x000017da       0x36 ./drivers/fsl_gpio.o
 .text.GPIO_WritePinOutput
                0x00001810       0x22 ./drivers/fsl_gpio.o
 .text.CLOCK_EnableClock
                0x00001832       0x34 ./drivers/fsl_tpm.o
 .text.TPM_EnableInterrupts
                0x00001866       0x70 ./drivers/fsl_tpm.o
                0x00001866                TPM_EnableInterrupts
 .text.CLOCK_CONFIG_FllStableDelay
                0x000018d6       0x26 ./board/clock_config.o
 .text.BOARD_InitBootClocks
                0x000018fc        0xc ./board/clock_config.o
                0x000018fc                BOARD_InitBootClocks
 .text.EnableIRQ
                0x00001908       0x2c ./board/peripherals.o
 .text.TPM_GetStatusFlags
                0x00001934       0x20 ./board/peripherals.o
 .text.TPM_ClearStatusFlags
                0x00001954       0x1c ./board/peripherals.o
 .text.TPM_StopTimer
                0x00001970       0x2e ./board/peripherals.o
 .text.BOARD_InitPeripherals
                0x0000199e        0xc ./board/peripherals.o
                0x0000199e                BOARD_InitPeripherals
 .text.BOARD_InitBootPeripherals
                0x000019aa        0xc ./board/peripherals.o
                0x000019aa                BOARD_InitBootPeripherals
 .text.CLOCK_EnableClock
                0x000019b6       0x34 ./board/pin_mux.o
 .text.PORT_SetPinMux
                0x000019ea       0x3a ./board/pin_mux.o
 .text.BOARD_InitBootPins
                0x00001a24        0xc ./board/pin_mux.o
                0x00001a24                BOARD_InitBootPins
 .text.SystemInitHook
                0x00001a30        0xe ./CMSIS/system_MK66F18.o
                0x00001a30                SystemInitHook
 .text.__main   0x00001a3e        0xe c:/nxp/mcuxpressoide_10.2.1_795/ide/tools/bin/../lib/gcc/arm-none-eabi/7.2.1/../../../../arm-none-eabi/lib/thumb/v7e-m/fpv4-sp/hard\libcr_semihost_nf.a(_cr__main.o)
                0x00001a3e                __CR_SEMIHOST
                0x00001a3e                __main
 .text._deferredlazyseek
                0x00001a4c       0x40 c:/nxp/mcuxpressoide_10.2.1_795/ide/tools/bin/../lib/gcc/arm-none-eabi/7.2.1/../../../../arm-none-eabi/lib/thumb/v7e-m/fpv4-sp/hard\libcr_c.a(_deferredlazyseek.o)
                0x00001a4c                _deferredlazyseek
 .text.__flsbuf
                0x00001a8c      0x140 c:/nxp/mcuxpressoide_10.2.1_795/ide/tools/bin/../lib/gcc/arm-none-eabi/7.2.1/../../../../arm-none-eabi/lib/thumb/v7e-m/fpv4-sp/hard\libcr_c.a(_deferredlazyseek.o)
                0x00001a8c                __flsbuf
 .text._fflush  0x00001bcc       0x52 c:/nxp/mcuxpressoide_10.2.1_795/ide/tools/bin/../lib/gcc/arm-none-eabi/7.2.1/../../../../arm-none-eabi/lib/thumb/v7e-m/fpv4-sp/hard\libcr_c.a(_fflush.o)
                0x00001bcc                _fflush
 .text.free     0x00001c1e       0x30 c:/nxp/mcuxpressoide_10.2.1_795/ide/tools/bin/../lib/gcc/arm-none-eabi/7.2.1/../../../../arm-none-eabi/lib/thumb/v7e-m/fpv4-sp/hard\libcr_c.a(alloc.o)
                0x00001c1e                free
 .text.fputs    0x00001c4e       0x2c c:/nxp/mcuxpressoide_10.2.1_795/ide/tools/bin/../lib/gcc/arm-none-eabi/7.2.1/../../../../arm-none-eabi/lib/thumb/v7e-m/fpv4-sp/hard\libcr_c.a(fputs.o)
                0x00001c4e                fputs
 .text.memset   0x00001c7a        0x4 c:/nxp/mcuxpressoide_10.2.1_795/ide/tools/bin/../lib/gcc/arm-none-eabi/7.2.1/../../../../arm-none-eabi/lib/thumb/v7e-m/fpv4-sp/hard\libcr_c.a(memset.o)
                0x00001c7a                memset
 .text._fdopen  0x00001c7e       0x68 c:/nxp/mcuxpressoide_10.2.1_795/ide/tools/bin/../lib/gcc/arm-none-eabi/7.2.1/../../../../arm-none-eabi/lib/thumb/v7e-m/fpv4-sp/hard\libcr_c.a(_fdopen.o)
                0x00001c7e                _fdopen
 .text.fclose   0x00001ce6       0x58 c:/nxp/mcuxpressoide_10.2.1_795/ide/tools/bin/../lib/gcc/arm-none-eabi/7.2.1/../../../../arm-none-eabi/lib/thumb/v7e-m/fpv4-sp/hard\libcr_c.a(fclose.o)
                0x00001ce6                fclose
 .text.remove   0x00001d3e       0x14 c:/nxp/mcuxpressoide_10.2.1_795/ide/tools/bin/../lib/gcc/arm-none-eabi/7.2.1/../../../../arm-none-eabi/lib/thumb/v7e-m/fpv4-sp/hard\libcr_c.a(remove.o)
                0x00001d3e                remove
 .text.strlen   0x00001d52       0x4a c:/nxp/mcuxpressoide_10.2.1_795/ide/tools/bin/../lib/gcc/arm-none-eabi/7.2.1/../../../../arm-none-eabi/lib/thumb/v7e-m/fpv4-sp/hard\libcr_c.a(strlen.o)
                0x00001d52                strlen
 .text._do_fflush
                0x00001d9c       0x40 c:/nxp/mcuxpressoide_10.2.1_795/ide/tools/bin/../lib/gcc/arm-none-eabi/7.2.1/../../../../arm-none-eabi/lib/thumb/v7e-m/fpv4-sp/hard\libcr_c.a(_do_fflush.o)
                0x00001d9c                _do_fflush
 .text.__aeabi_memset_lowlevel
                0x00001ddc       0x32 c:/nxp/mcuxpressoide_10.2.1_795/ide/tools/bin/../lib/gcc/arm-none-eabi/7.2.1/thumb/v7e-m/fpv4-sp/hard\libcr_eabihelpers.a(memcpy.o)
                0x00001ddc                __aeabi_lowlevel_memset
 .text.__sys_close
                0x00001e0e        0xc c:/nxp/mcuxpressoide_10.2.1_795/ide/tools/bin/../lib/gcc/arm-none-eabi/7.2.1/../../../../arm-none-eabi/lib/thumb/v7e-m/fpv4-sp/hard\libcr_semihost_nf.a(__sys_close.o)
                0x00001e0e                __sys_close
 .text.__sys_flen
                0x00001e1a        0xc c:/nxp/mcuxpressoide_10.2.1_795/ide/tools/bin/../lib/gcc/arm-none-eabi/7.2.1/../../../../arm-none-eabi/lib/thumb/v7e-m/fpv4-sp/hard\libcr_semihost_nf.a(__sys_flen.o)
                0x00001e1a                __sys_flen
 .text.__sys_istty
                0x00001e26        0xc c:/nxp/mcuxpressoide_10.2.1_795/ide/tools/bin/../lib/gcc/arm-none-eabi/7.2.1/../../../../arm-none-eabi/lib/thumb/v7e-m/fpv4-sp/hard\libcr_semihost_nf.a(__sys_istty.o)
                0x00001e26                __sys_istty
 .text.__sys_remove
                0x00001e32        0xc c:/nxp/mcuxpressoide_10.2.1_795/ide/tools/bin/../lib/gcc/arm-none-eabi/7.2.1/../../../../arm-none-eabi/lib/thumb/v7e-m/fpv4-sp/hard\libcr_semihost_nf.a(__sys_remove.o)
                0x00001e32                __sys_remove
 .text.__sys_seek
                0x00001e3e        0xc c:/nxp/mcuxpressoide_10.2.1_795/ide/tools/bin/../lib/gcc/arm-none-eabi/7.2.1/../../../../arm-none-eabi/lib/thumb/v7e-m/fpv4-sp/hard\libcr_semihost_nf.a(__sys_seek.o)
                0x00001e3e                __sys_seek
 .text.__sys_tmpnam
                0x00001e4a        0xc c:/nxp/mcuxpressoide_10.2.1_795/ide/tools/bin/../lib/gcc/arm-none-eabi/7.2.1/../../../../arm-none-eabi/lib/thumb/v7e-m/fpv4-sp/hard\libcr_semihost_nf.a(__sys_tmpnam.o)
                0x00001e4a                __sys_tmpnam
 .text.__sys_write
                0x00001e56        0xc c:/nxp/mcuxpressoide_10.2.1_795/ide/tools/bin/../lib/gcc/arm-none-eabi/7.2.1/../../../../arm-none-eabi/lib/thumb/v7e-m/fpv4-sp/hard\libcr_semihost_nf.a(__sys_write.o)
                0x00001e56                __sys_write
 *(SORT_BY_ALIGNMENT(.rodata) SORT_BY_ALIGNMENT(.rodata.*) SORT_BY_ALIGNMENT(.constdata) SORT_BY_ALIGNMENT(.constdata.*))
 *fill*         0x00001e62        0x2 ff
 .rodata        0x00001e64       0x63 ./drivers/fsl_gpio.o
 *fill*         0x00001ec7        0x1 ff
 .rodata.s_tpmBases
                0x00001ec8        0xc ./drivers/fsl_tpm.o
 .rodata.s_tpmClocks
                0x00001ed4        0xc ./drivers/fsl_tpm.o
 .rodata        0x00001ee0      0x357 ./drivers/fsl_tpm.o
 *fill*         0x00002237        0x1 ff
 .rodata.simConfig_BOARD_BootClockRUN
                0x00002238        0x8 ./board/clock_config.o
                0x00002238                simConfig_BOARD_BootClockRUN
 .rodata.dual_pwm_config
                0x00002240        0xa ./board/peripherals.o
                0x00002240                dual_pwm_config
 *fill*         0x0000224a        0x2 ff
 .rodata.dual_pwm_pwmSignalParams
                0x0000224c        0x8 ./board/peripherals.o
                0x0000224c                dual_pwm_pwmSignalParams
 .rodata.__num_Ciob_streams
                0x00002254        0x4 c:/nxp/mcuxpressoide_10.2.1_795/ide/tools/bin/../lib/gcc/arm-none-eabi/7.2.1/../../../../arm-none-eabi/lib/thumb/v7e-m/fpv4-sp/hard\libcr_semihost_nf.a(__ciob.o)
                0x00002254                __num_Ciob_streams
 .rodata.__assertion_failed.str1.1
                0x00002258       0x15 c:/nxp/mcuxpressoide_10.2.1_795/ide/tools/bin/../lib/gcc/arm-none-eabi/7.2.1/../../../../arm-none-eabi/lib/thumb/v7e-m/fpv4-sp/hard\libcr_semihost_nf.a(_cr_assert.o)
 .rodata._Csys_alloc.str1.1
                0x0000226d       0x18 c:/nxp/mcuxpressoide_10.2.1_795/ide/tools/bin/../lib/gcc/arm-none-eabi/7.2.1/../../../../arm-none-eabi/lib/thumb/v7e-m/fpv4-sp/hard\libcr_c.a(alloc.o)
 .rodata._initio.str1.1
                0x00002285        0x4 c:/nxp/mcuxpressoide_10.2.1_795/ide/tools/bin/../lib/gcc/arm-none-eabi/7.2.1/../../../../arm-none-eabi/lib/thumb/v7e-m/fpv4-sp/hard\libcr_c.a(initio.o)
                0x00002290                . = ALIGN (0x8)
 *fill*         0x00002289        0x7 ff

.glue_7         0x00002290        0x0
 .glue_7        0x00002290        0x0 linker stubs

.glue_7t        0x00002290        0x0
 .glue_7t       0x00002290        0x0 linker stubs

.vfp11_veneer   0x00002290        0x0
 .vfp11_veneer  0x00002290        0x0 linker stubs

.v4_bx          0x00002290        0x0
 .v4_bx         0x00002290        0x0 linker stubs

.iplt           0x00002290        0x0
 .iplt          0x00002290        0x0 ./startup/startup_mk66f18.o

.rel.dyn        0x00002290        0x0
 .rel.iplt      0x00002290        0x0 ./startup/startup_mk66f18.o

.ARM.extab
 *(SORT_BY_ALIGNMENT(.ARM.extab*) SORT_BY_ALIGNMENT(.gnu.linkonce.armextab.*))
                0x00002290                __exidx_start = .

.ARM.exidx
 *(SORT_BY_ALIGNMENT(.ARM.exidx*) SORT_BY_ALIGNMENT(.gnu.linkonce.armexidx.*))
                0x00002290                __exidx_end = .
                0x00002290                _etext = .

.m_usb_data
 *(SORT_BY_ALIGNMENT(m_usb_bdt))

.data_RAM2      0x1fff0000        0x0 load address 0x00002290
 FILL mask 0xff
                [!provide]                PROVIDE (__start_data_RAM2, .)
 *(SORT_BY_ALIGNMENT(.ramfunc.$RAM2))
 *(SORT_BY_ALIGNMENT(.ramfunc.$SRAM_LOWER))
 *(SORT_BY_ALIGNMENT(.data.$RAM2*))
 *(SORT_BY_ALIGNMENT(.data.$SRAM_LOWER*))
                0x1fff0000                . = ALIGN (0x8)
                [!provide]                PROVIDE (__end_data_RAM2, .)

.data_RAM3      0x14000000        0x0 load address 0x00002290
 FILL mask 0xff
                [!provide]                PROVIDE (__start_data_RAM3, .)
 *(SORT_BY_ALIGNMENT(.ramfunc.$RAM3))
 *(SORT_BY_ALIGNMENT(.ramfunc.$FLEX_RAM))
 *(SORT_BY_ALIGNMENT(.data.$RAM3*))
 *(SORT_BY_ALIGNMENT(.data.$FLEX_RAM*))
                0x14000000                . = ALIGN (0x8)
                [!provide]                PROVIDE (__end_data_RAM3, .)

.uninit_RESERVED
                0x20000000        0x0
 *(SORT_BY_ALIGNMENT(.bss.$RESERVED*))
                0x20000000                . = ALIGN (0x4)
                0x20000000                _end_uninit_RESERVED = .

.data           0x20000000        0x8 load address 0x00002290
 FILL mask 0xff
                0x20000000                _data = .
 *(SORT_BY_ALIGNMENT(vtable))
 *(SORT_BY_ALIGNMENT(.ramfunc*))
 *(SORT_BY_ALIGNMENT(.data*))
 .data.SystemCoreClock
                0x20000000        0x4 ./CMSIS/system_MK66F18.o
                0x20000000                SystemCoreClock
                0x20000008                . = ALIGN (0x8)
 *fill*         0x20000004        0x4 ff
                0x20000008                _edata = .

.igot.plt       0x20000008        0x0 load address 0x00002298
 .igot.plt      0x20000008        0x0 ./startup/startup_mk66f18.o

.bss_RAM2       0x1fff0000        0x0
                [!provide]                PROVIDE (__start_bss_RAM2, .)
 *(SORT_BY_ALIGNMENT(.bss.$RAM2*))
 *(SORT_BY_ALIGNMENT(.bss.$SRAM_LOWER*))
                0x1fff0000                . = ALIGN ((. != 0x0)?0x8:0x1)
                [!provide]                PROVIDE (__end_bss_RAM2, .)

.bss_RAM3       0x14000000        0x0
                [!provide]                PROVIDE (__start_bss_RAM3, .)
 *(SORT_BY_ALIGNMENT(.bss.$RAM3*))
 *(SORT_BY_ALIGNMENT(.bss.$FLEX_RAM*))
                0x14000000                . = ALIGN ((. != 0x0)?0x8:0x1)
                [!provide]                PROVIDE (__end_bss_RAM3, .)

.bss            0x20000008       0xe0
                0x20000008                _bss = .
 *(SORT_BY_ALIGNMENT(.bss*))
 .bss.screen_para_out
                0x20000008       0x18 ./source/led_driver.o
                0x20000008                screen_para_out
 .bss.i.8420    0x20000020        0x4 ./source/main.o
 .bss.led_bit_count_g
                0x20000024        0x4 ./board/peripherals.o
                0x20000024                led_bit_count_g
 .bss.__Ciob    0x20000028       0xb4 c:/nxp/mcuxpressoide_10.2.1_795/ide/tools/bin/../lib/gcc/arm-none-eabi/7.2.1/../../../../arm-none-eabi/lib/thumb/v7e-m/fpv4-sp/hard\libcr_semihost_nf.a(__ciob.o)
                0x20000028                __Ciob
 .bss.__end_of_heap
                0x200000dc        0x4 c:/nxp/mcuxpressoide_10.2.1_795/ide/tools/bin/../lib/gcc/arm-none-eabi/7.2.1/../../../../arm-none-eabi/lib/thumb/v7e-m/fpv4-sp/hard\libcr_c.a(__init_alloc.o)
                0x200000dc                __end_of_heap
 .bss.__heaps   0x200000e0        0x4 c:/nxp/mcuxpressoide_10.2.1_795/ide/tools/bin/../lib/gcc/arm-none-eabi/7.2.1/../../../../arm-none-eabi/lib/thumb/v7e-m/fpv4-sp/hard\libcr_c.a(__init_alloc.o)
                0x200000e0                __heaps
 .bss.errno     0x200000e4        0x4 c:/nxp/mcuxpressoide_10.2.1_795/ide/tools/bin/../lib/gcc/arm-none-eabi/7.2.1/../../../../arm-none-eabi/lib/thumb/v7e-m/fpv4-sp/hard\libcr_c.a(errno.o)
                0x200000e4                errno
 *(SORT_BY_ALIGNMENT(COMMON))
                0x200000e8                . = ALIGN (0x8)
                0x200000e8                _ebss = .
                [!provide]                PROVIDE (end, .)

.noinit_RAM2    0x1fff0000        0x0
 *(SORT_BY_ALIGNMENT(.noinit.$RAM2*))
 *(SORT_BY_ALIGNMENT(.noinit.$SRAM_LOWER*))
                0x1fff0000                . = ALIGN (0x8)

.noinit_RAM3    0x14000000        0x0
 *(SORT_BY_ALIGNMENT(.noinit.$RAM3*))
 *(SORT_BY_ALIGNMENT(.noinit.$FLEX_RAM*))
                0x14000000                . = ALIGN (0x8)

.noinit         0x200000e8        0x0
                0x200000e8                _noinit = .
 *(SORT_BY_ALIGNMENT(.noinit*))
                0x200000e8                . = ALIGN (0x8)
                0x200000e8                _end_noinit = .
                0x00001000                _HeapSize = 0x1000

.heap           0x200000e8     0x1000
                0x200000e8                _pvHeapStart = .
                0x200010e8                . = (. + _HeapSize)
 *fill*         0x200000e8     0x1000 
                0x200010e8                . = ALIGN (0x8)
                0x200010e8                _pvHeapLimit = .
                0x00001000                _StackSize = 0x1000

.heap2stackfill
                0x200010e8     0x1000
                0x200020e8                . = (. + _StackSize)
 *fill*         0x200010e8     0x1000 

.stack          0x2002f000        0x0
                0x2002f000                _vStackBase = .
                0x2002f000                . = ALIGN (0x8)
                0x20030000                _vStackTop = (. + _StackSize)
                0x00000000                _image_start = LOADADDR (.text)
                0x00002298                _image_end = (LOADADDR (.data) + SIZEOF (.data))
                0x00002298                _image_size = (_image_end - _image_start)
OUTPUT(GPIO_TEST_teensy36.axf elf32-littlearm)

.debug_info     0x00000000     0x7bda
 .debug_info    0x00000000      0x9ac ./startup/startup_mk66f18.o
 .debug_info    0x000009ac      0x6d6 ./source/led_driver.o
 .debug_info    0x00001082      0x7db ./source/main.o
 .debug_info    0x0000185d       0x3b ./source/semihost_hardfault.o
 .debug_info    0x00001898     0x259b ./drivers/fsl_clock.o
 .debug_info    0x00003e33      0x61a ./drivers/fsl_gpio.o
 .debug_info    0x0000444d     0x1008 ./drivers/fsl_tpm.o
 .debug_info    0x00005455      0x87c ./board/clock_config.o
 .debug_info    0x00005cd1      0xcf6 ./board/peripherals.o
 .debug_info    0x000069c7      0x823 ./board/pin_mux.o
 .debug_info    0x000071ea      0x9f0 ./CMSIS/system_MK66F18.o

.debug_abbrev   0x00000000     0x12e9
 .debug_abbrev  0x00000000      0x15c ./startup/startup_mk66f18.o
 .debug_abbrev  0x0000015c      0x194 ./source/led_driver.o
 .debug_abbrev  0x000002f0      0x186 ./source/main.o
 .debug_abbrev  0x00000476       0x2f ./source/semihost_hardfault.o
 .debug_abbrev  0x000004a5      0x321 ./drivers/fsl_clock.o
 .debug_abbrev  0x000007c6      0x1ae ./drivers/fsl_gpio.o
 .debug_abbrev  0x00000974      0x260 ./drivers/fsl_tpm.o
 .debug_abbrev  0x00000bd4      0x1a6 ./board/clock_config.o
 .debug_abbrev  0x00000d7a      0x23b ./board/peripherals.o
 .debug_abbrev  0x00000fb5      0x1e0 ./board/pin_mux.o
 .debug_abbrev  0x00001195      0x154 ./CMSIS/system_MK66F18.o

.debug_aranges  0x00000000      0x848
 .debug_aranges
                0x00000000      0x3a0 ./startup/startup_mk66f18.o
 .debug_aranges
                0x000003a0       0x30 ./source/led_driver.o
 .debug_aranges
                0x000003d0       0x28 ./source/main.o
 .debug_aranges
                0x000003f8       0x20 ./source/semihost_hardfault.o
 .debug_aranges
                0x00000418      0x248 ./drivers/fsl_clock.o
 .debug_aranges
                0x00000660       0x48 ./drivers/fsl_gpio.o
 .debug_aranges
                0x000006a8       0x98 ./drivers/fsl_tpm.o
 .debug_aranges
                0x00000740       0x40 ./board/clock_config.o
 .debug_aranges
                0x00000780       0x60 ./board/peripherals.o
 .debug_aranges
                0x000007e0       0x38 ./board/pin_mux.o
 .debug_aranges
                0x00000818       0x30 ./CMSIS/system_MK66F18.o

.debug_ranges   0x00000000      0x7b0
 .debug_ranges  0x00000000      0x390 ./startup/startup_mk66f18.o
 .debug_ranges  0x00000390       0x20 ./source/led_driver.o
 .debug_ranges  0x000003b0       0x18 ./source/main.o
 .debug_ranges  0x000003c8       0x10 ./source/semihost_hardfault.o
 .debug_ranges  0x000003d8      0x238 ./drivers/fsl_clock.o
 .debug_ranges  0x00000610       0x38 ./drivers/fsl_gpio.o
 .debug_ranges  0x00000648       0xa0 ./drivers/fsl_tpm.o
 .debug_ranges  0x000006e8       0x30 ./board/clock_config.o
 .debug_ranges  0x00000718       0x50 ./board/peripherals.o
 .debug_ranges  0x00000768       0x28 ./board/pin_mux.o
 .debug_ranges  0x00000790       0x20 ./CMSIS/system_MK66F18.o

.debug_macro    0x00000000    0x1912b
 .debug_macro   0x00000000       0x29 ./startup/startup_mk66f18.o
 .debug_macro   0x00000029      0xa90 ./startup/startup_mk66f18.o
 .debug_macro   0x00000ab9      0x11e ./source/led_driver.o
 .debug_macro   0x00000bd7       0x10 ./source/led_driver.o
 .debug_macro   0x00000be7       0x1c ./source/led_driver.o
 .debug_macro   0x00000c03       0x22 ./source/led_driver.o
 .debug_macro   0x00000c25      0x12d ./source/led_driver.o
 .debug_macro   0x00000d52      0x5b2 ./source/led_driver.o
 .debug_macro   0x00001304       0x22 ./source/led_driver.o
 .debug_macro   0x00001326       0x10 ./source/led_driver.o
 .debug_macro   0x00001336       0x58 ./source/led_driver.o
 .debug_macro   0x0000138e       0x1c ./source/led_driver.o
 .debug_macro   0x000013aa       0x22 ./source/led_driver.o
 .debug_macro   0x000013cc       0xdf ./source/led_driver.o
 .debug_macro   0x000014ab      0xecf ./source/led_driver.o
 .debug_macro   0x0000237a       0x40 ./source/led_driver.o
 .debug_macro   0x000023ba    0x14ba4 ./source/led_driver.o
 .debug_macro   0x00016f5e     0x13f3 ./source/led_driver.o
 .debug_macro   0x00018351       0x52 ./source/led_driver.o
 .debug_macro   0x000183a3      0x18d ./source/led_driver.o
 .debug_macro   0x00018530       0x7b ./source/led_driver.o
 .debug_macro   0x000185ab       0x10 ./source/led_driver.o
 .debug_macro   0x000185bb       0x1c ./source/led_driver.o
 .debug_macro   0x000185d7       0x16 ./source/led_driver.o
 .debug_macro   0x000185ed      0x153 ./source/main.o
 .debug_macro   0x00018740       0xd8 ./source/main.o
 .debug_macro   0x00018818       0x10 ./source/main.o
 .debug_macro   0x00018828       0x16 ./source/main.o
 .debug_macro   0x0001883e       0xb2 ./source/main.o
 .debug_macro   0x000188f0       0x10 ./source/main.o
 .debug_macro   0x00018900       0x10 ./source/main.o
 .debug_macro   0x00018910       0x1c ./source/main.o
 .debug_macro   0x0001892c       0x11 ./source/semihost_hardfault.o
 .debug_macro   0x0001893d      0x1cb ./drivers/fsl_clock.o
 .debug_macro   0x00018b08      0x109 ./drivers/fsl_gpio.o
 .debug_macro   0x00018c11      0x10f ./drivers/fsl_tpm.o
 .debug_macro   0x00018d20      0x12d ./board/clock_config.o
 .debug_macro   0x00018e4d      0x122 ./board/peripherals.o
 .debug_macro   0x00018f6f      0x10e ./board/pin_mux.o
 .debug_macro   0x0001907d       0x16 ./board/pin_mux.o
 .debug_macro   0x00019093       0x98 ./CMSIS/system_MK66F18.o

.debug_line     0x00000000     0x2a5f
 .debug_line    0x00000000      0x7d0 ./startup/startup_mk66f18.o
 .debug_line    0x000007d0      0x26d ./source/led_driver.o
 .debug_line    0x00000a3d      0x28c ./source/main.o
 .debug_line    0x00000cc9       0x54 ./source/semihost_hardfault.o
 .debug_line    0x00000d1d      0xb8b ./drivers/fsl_clock.o
 .debug_line    0x000018a8      0x288 ./drivers/fsl_gpio.o
 .debug_line    0x00001b30      0x53b ./drivers/fsl_tpm.o
 .debug_line    0x0000206b      0x264 ./board/clock_config.o
 .debug_line    0x000022cf      0x2f6 ./board/peripherals.o
 .debug_line    0x000025c5      0x27e ./board/pin_mux.o
 .debug_line    0x00002843      0x21c ./CMSIS/system_MK66F18.o

.debug_str      0x00000000    0xb90e4
 .debug_str     0x00000000     0x372e ./startup/startup_mk66f18.o
                               0x3796 (size before relaxing)
 .debug_str     0x0000372e    0xb1911 ./source/led_driver.o
                              0xb4727 (size before relaxing)
 .debug_str     0x000b503f      0xb10 ./source/main.o
                              0xb4bf6 (size before relaxing)
 .debug_str     0x000b5b4f       0x1f ./source/semihost_hardfault.o
                               0x2d9e (size before relaxing)
 .debug_str     0x000b5b6e     0x2125 ./drivers/fsl_clock.o
                              0xb6642 (size before relaxing)
 .debug_str     0x000b7c93      0x189 ./drivers/fsl_gpio.o
                              0xb4320 (size before relaxing)
 .debug_str     0x000b7e1c      0x777 ./drivers/fsl_tpm.o
                              0xb50d5 (size before relaxing)
 .debug_str     0x000b8593      0x11a ./board/clock_config.o
                              0xb4701 (size before relaxing)
 .debug_str     0x000b86ad      0x704 ./board/peripherals.o
                              0xb512e (size before relaxing)
 .debug_str     0x000b8db1      0x223 ./board/pin_mux.o
                              0xb4648 (size before relaxing)
 .debug_str     0x000b8fd4      0x110 ./CMSIS/system_MK66F18.o
                              0xb2efb (size before relaxing)

.comment        0x00000000       0x7e
 .comment       0x00000000       0x7e ./startup/startup_mk66f18.o
                                 0x7f (size before relaxing)
 .comment       0x0000007e       0x7f ./source/led_driver.o
 .comment       0x0000007e       0x7f ./source/main.o
 .comment       0x0000007e       0x7f ./source/semihost_hardfault.o
 .comment       0x0000007e       0x7f ./drivers/fsl_clock.o
 .comment       0x0000007e       0x7f ./drivers/fsl_gpio.o
 .comment       0x0000007e       0x7f ./drivers/fsl_tpm.o
 .comment       0x0000007e       0x7f ./board/clock_config.o
 .comment       0x0000007e       0x7f ./board/peripherals.o
 .comment       0x0000007e       0x7f ./board/pin_mux.o
 .comment       0x0000007e       0x7f ./CMSIS/system_MK66F18.o
 .comment       0x0000007e       0x7f c:/nxp/mcuxpressoide_10.2.1_795/ide/tools/bin/../lib/gcc/arm-none-eabi/7.2.1/../../../../arm-none-eabi/lib/thumb/v7e-m/fpv4-sp/hard\libcr_semihost_nf.a(_cr__main.o)
 .comment       0x0000007e       0x7f c:/nxp/mcuxpressoide_10.2.1_795/ide/tools/bin/../lib/gcc/arm-none-eabi/7.2.1/../../../../arm-none-eabi/lib/thumb/v7e-m/fpv4-sp/hard\libcr_semihost_nf.a(_cr_assert.o)
 .comment       0x0000007e       0x7f c:/nxp/mcuxpressoide_10.2.1_795/ide/tools/bin/../lib/gcc/arm-none-eabi/7.2.1/../../../../arm-none-eabi/lib/thumb/v7e-m/fpv4-sp/hard\libcr_semihost_nf.a(__ciob.o)
 .comment       0x0000007e       0x7f c:/nxp/mcuxpressoide_10.2.1_795/ide/tools/bin/../lib/gcc/arm-none-eabi/7.2.1/../../../../arm-none-eabi/lib/thumb/v7e-m/fpv4-sp/hard\libcr_c.a(_deferredlazyseek.o)
 .comment       0x0000007e       0x7f c:/nxp/mcuxpressoide_10.2.1_795/ide/tools/bin/../lib/gcc/arm-none-eabi/7.2.1/../../../../arm-none-eabi/lib/thumb/v7e-m/fpv4-sp/hard\libcr_c.a(_fflush.o)
 .comment       0x0000007e       0x7f c:/nxp/mcuxpressoide_10.2.1_795/ide/tools/bin/../lib/gcc/arm-none-eabi/7.2.1/../../../../arm-none-eabi/lib/thumb/v7e-m/fpv4-sp/hard\libcr_c.a(_writebuf.o)
 .comment       0x0000007e       0x7f c:/nxp/mcuxpressoide_10.2.1_795/ide/tools/bin/../lib/gcc/arm-none-eabi/7.2.1/../../../../arm-none-eabi/lib/thumb/v7e-m/fpv4-sp/hard\libcr_c.a(alloc.o)
 .comment       0x0000007e       0x7f c:/nxp/mcuxpressoide_10.2.1_795/ide/tools/bin/../lib/gcc/arm-none-eabi/7.2.1/../../../../arm-none-eabi/lib/thumb/v7e-m/fpv4-sp/hard\libcr_c.a(fputs.o)
 .comment       0x0000007e       0x7f c:/nxp/mcuxpressoide_10.2.1_795/ide/tools/bin/../lib/gcc/arm-none-eabi/7.2.1/../../../../arm-none-eabi/lib/thumb/v7e-m/fpv4-sp/hard\libcr_c.a(fseek.o)
 .comment       0x0000007e       0x7f c:/nxp/mcuxpressoide_10.2.1_795/ide/tools/bin/../lib/gcc/arm-none-eabi/7.2.1/../../../../arm-none-eabi/lib/thumb/v7e-m/fpv4-sp/hard\libcr_c.a(ftell.o)
 .comment       0x0000007e       0x7f c:/nxp/mcuxpressoide_10.2.1_795/ide/tools/bin/../lib/gcc/arm-none-eabi/7.2.1/../../../../arm-none-eabi/lib/thumb/v7e-m/fpv4-sp/hard\libcr_c.a(initio.o)
 .comment       0x0000007e       0x7f c:/nxp/mcuxpressoide_10.2.1_795/ide/tools/bin/../lib/gcc/arm-none-eabi/7.2.1/../../../../arm-none-eabi/lib/thumb/v7e-m/fpv4-sp/hard\libcr_c.a(setvbuf.o)
 .comment       0x0000007e       0x7f c:/nxp/mcuxpressoide_10.2.1_795/ide/tools/bin/../lib/gcc/arm-none-eabi/7.2.1/../../../../arm-none-eabi/lib/thumb/v7e-m/fpv4-sp/hard\libcr_c.a(memset.o)
 .comment       0x0000007e       0x7f c:/nxp/mcuxpressoide_10.2.1_795/ide/tools/bin/../lib/gcc/arm-none-eabi/7.2.1/../../../../arm-none-eabi/lib/thumb/v7e-m/fpv4-sp/hard\libcr_c.a(__init_alloc.o)
 .comment       0x0000007e       0x7f c:/nxp/mcuxpressoide_10.2.1_795/ide/tools/bin/../lib/gcc/arm-none-eabi/7.2.1/../../../../arm-none-eabi/lib/thumb/v7e-m/fpv4-sp/hard\libcr_c.a(_cr_sbrk.o)
 .comment       0x0000007e       0x7f c:/nxp/mcuxpressoide_10.2.1_795/ide/tools/bin/../lib/gcc/arm-none-eabi/7.2.1/../../../../arm-none-eabi/lib/thumb/v7e-m/fpv4-sp/hard\libcr_c.a(_fdopen.o)
 .comment       0x0000007e       0x7f c:/nxp/mcuxpressoide_10.2.1_795/ide/tools/bin/../lib/gcc/arm-none-eabi/7.2.1/../../../../arm-none-eabi/lib/thumb/v7e-m/fpv4-sp/hard\libcr_c.a(errno.o)
 .comment       0x0000007e       0x7f c:/nxp/mcuxpressoide_10.2.1_795/ide/tools/bin/../lib/gcc/arm-none-eabi/7.2.1/../../../../arm-none-eabi/lib/thumb/v7e-m/fpv4-sp/hard\libcr_c.a(fclose.o)
 .comment       0x0000007e       0x7f c:/nxp/mcuxpressoide_10.2.1_795/ide/tools/bin/../lib/gcc/arm-none-eabi/7.2.1/../../../../arm-none-eabi/lib/thumb/v7e-m/fpv4-sp/hard\libcr_c.a(fflush.o)
 .comment       0x0000007e       0x7f c:/nxp/mcuxpressoide_10.2.1_795/ide/tools/bin/../lib/gcc/arm-none-eabi/7.2.1/../../../../arm-none-eabi/lib/thumb/v7e-m/fpv4-sp/hard\libcr_c.a(remove.o)
 .comment       0x0000007e       0x7f c:/nxp/mcuxpressoide_10.2.1_795/ide/tools/bin/../lib/gcc/arm-none-eabi/7.2.1/../../../../arm-none-eabi/lib/thumb/v7e-m/fpv4-sp/hard\libcr_c.a(strlen.o)
 .comment       0x0000007e       0x7f c:/nxp/mcuxpressoide_10.2.1_795/ide/tools/bin/../lib/gcc/arm-none-eabi/7.2.1/../../../../arm-none-eabi/lib/thumb/v7e-m/fpv4-sp/hard\libcr_c.a(_cr_check_heap.o)
 .comment       0x0000007e       0x7f c:/nxp/mcuxpressoide_10.2.1_795/ide/tools/bin/../lib/gcc/arm-none-eabi/7.2.1/../../../../arm-none-eabi/lib/thumb/v7e-m/fpv4-sp/hard\libcr_c.a(_do_fflush.o)

.ARM.attributes
                0x00000000       0x37
 .ARM.attributes
                0x00000000       0x39 ./startup/startup_mk66f18.o
 .ARM.attributes
                0x00000039       0x39 ./source/led_driver.o
 .ARM.attributes
                0x00000072       0x39 ./source/main.o
 .ARM.attributes
                0x000000ab       0x39 ./source/semihost_hardfault.o
 .ARM.attributes
                0x000000e4       0x39 ./drivers/fsl_clock.o
 .ARM.attributes
                0x0000011d       0x39 ./drivers/fsl_gpio.o
 .ARM.attributes
                0x00000156       0x39 ./drivers/fsl_tpm.o
 .ARM.attributes
                0x0000018f       0x39 ./board/clock_config.o
 .ARM.attributes
                0x000001c8       0x39 ./board/peripherals.o
 .ARM.attributes
                0x00000201       0x39 ./board/pin_mux.o
 .ARM.attributes
                0x0000023a       0x39 ./CMSIS/system_MK66F18.o
 .ARM.attributes
                0x00000273       0x39 c:/nxp/mcuxpressoide_10.2.1_795/ide/tools/bin/../lib/gcc/arm-none-eabi/7.2.1/../../../../arm-none-eabi/lib/thumb/v7e-m/fpv4-sp/hard\libcr_semihost_nf.a(_cr__main.o)
 .ARM.attributes
                0x000002ac       0x39 c:/nxp/mcuxpressoide_10.2.1_795/ide/tools/bin/../lib/gcc/arm-none-eabi/7.2.1/../../../../arm-none-eabi/lib/thumb/v7e-m/fpv4-sp/hard\libcr_semihost_nf.a(_cr_assert.o)
 .ARM.attributes
                0x000002e5       0x39 c:/nxp/mcuxpressoide_10.2.1_795/ide/tools/bin/../lib/gcc/arm-none-eabi/7.2.1/../../../../arm-none-eabi/lib/thumb/v7e-m/fpv4-sp/hard\libcr_semihost_nf.a(__ciob.o)
 .ARM.attributes
                0x0000031e       0x25 c:/nxp/mcuxpressoide_10.2.1_795/ide/tools/bin/../lib/gcc/arm-none-eabi/7.2.1/../../../../arm-none-eabi/lib/thumb/v7e-m/fpv4-sp/hard\libcr_semihost_nf.a(__sys_appexit.o)
 .ARM.attributes
                0x00000343       0x39 c:/nxp/mcuxpressoide_10.2.1_795/ide/tools/bin/../lib/gcc/arm-none-eabi/7.2.1/../../../../arm-none-eabi/lib/thumb/v7e-m/fpv4-sp/hard\libcr_c.a(_deferredlazyseek.o)
 .ARM.attributes
                0x0000037c       0x39 c:/nxp/mcuxpressoide_10.2.1_795/ide/tools/bin/../lib/gcc/arm-none-eabi/7.2.1/../../../../arm-none-eabi/lib/thumb/v7e-m/fpv4-sp/hard\libcr_c.a(_fflush.o)
 .ARM.attributes
                0x000003b5       0x39 c:/nxp/mcuxpressoide_10.2.1_795/ide/tools/bin/../lib/gcc/arm-none-eabi/7.2.1/../../../../arm-none-eabi/lib/thumb/v7e-m/fpv4-sp/hard\libcr_c.a(_writebuf.o)
 .ARM.attributes
                0x000003ee       0x39 c:/nxp/mcuxpressoide_10.2.1_795/ide/tools/bin/../lib/gcc/arm-none-eabi/7.2.1/../../../../arm-none-eabi/lib/thumb/v7e-m/fpv4-sp/hard\libcr_c.a(alloc.o)
 .ARM.attributes
                0x00000427       0x39 c:/nxp/mcuxpressoide_10.2.1_795/ide/tools/bin/../lib/gcc/arm-none-eabi/7.2.1/../../../../arm-none-eabi/lib/thumb/v7e-m/fpv4-sp/hard\libcr_c.a(fputs.o)
 .ARM.attributes
                0x00000460       0x39 c:/nxp/mcuxpressoide_10.2.1_795/ide/tools/bin/../lib/gcc/arm-none-eabi/7.2.1/../../../../arm-none-eabi/lib/thumb/v7e-m/fpv4-sp/hard\libcr_c.a(fseek.o)
 .ARM.attributes
                0x00000499       0x39 c:/nxp/mcuxpressoide_10.2.1_795/ide/tools/bin/../lib/gcc/arm-none-eabi/7.2.1/../../../../arm-none-eabi/lib/thumb/v7e-m/fpv4-sp/hard\libcr_c.a(ftell.o)
 .ARM.attributes
                0x000004d2       0x39 c:/nxp/mcuxpressoide_10.2.1_795/ide/tools/bin/../lib/gcc/arm-none-eabi/7.2.1/../../../../arm-none-eabi/lib/thumb/v7e-m/fpv4-sp/hard\libcr_c.a(initio.o)
 .ARM.attributes
                0x0000050b       0x39 c:/nxp/mcuxpressoide_10.2.1_795/ide/tools/bin/../lib/gcc/arm-none-eabi/7.2.1/../../../../arm-none-eabi/lib/thumb/v7e-m/fpv4-sp/hard\libcr_c.a(setvbuf.o)
 .ARM.attributes
                0x00000544       0x39 c:/nxp/mcuxpressoide_10.2.1_795/ide/tools/bin/../lib/gcc/arm-none-eabi/7.2.1/../../../../arm-none-eabi/lib/thumb/v7e-m/fpv4-sp/hard\libcr_c.a(memset.o)
 .ARM.attributes
                0x0000057d       0x39 c:/nxp/mcuxpressoide_10.2.1_795/ide/tools/bin/../lib/gcc/arm-none-eabi/7.2.1/../../../../arm-none-eabi/lib/thumb/v7e-m/fpv4-sp/hard\libcr_c.a(__init_alloc.o)
 .ARM.attributes
                0x000005b6       0x39 c:/nxp/mcuxpressoide_10.2.1_795/ide/tools/bin/../lib/gcc/arm-none-eabi/7.2.1/../../../../arm-none-eabi/lib/thumb/v7e-m/fpv4-sp/hard\libcr_c.a(_cr_sbrk.o)
 .ARM.attributes
                0x000005ef       0x39 c:/nxp/mcuxpressoide_10.2.1_795/ide/tools/bin/../lib/gcc/arm-none-eabi/7.2.1/../../../../arm-none-eabi/lib/thumb/v7e-m/fpv4-sp/hard\libcr_c.a(_fdopen.o)
 .ARM.attributes
                0x00000628       0x39 c:/nxp/mcuxpressoide_10.2.1_795/ide/tools/bin/../lib/gcc/arm-none-eabi/7.2.1/../../../../arm-none-eabi/lib/thumb/v7e-m/fpv4-sp/hard\libcr_c.a(errno.o)
 .ARM.attributes
                0x00000661       0x39 c:/nxp/mcuxpressoide_10.2.1_795/ide/tools/bin/../lib/gcc/arm-none-eabi/7.2.1/../../../../arm-none-eabi/lib/thumb/v7e-m/fpv4-sp/hard\libcr_c.a(fclose.o)
 .ARM.attributes
                0x0000069a       0x39 c:/nxp/mcuxpressoide_10.2.1_795/ide/tools/bin/../lib/gcc/arm-none-eabi/7.2.1/../../../../arm-none-eabi/lib/thumb/v7e-m/fpv4-sp/hard\libcr_c.a(fflush.o)
 .ARM.attributes
                0x000006d3       0x39 c:/nxp/mcuxpressoide_10.2.1_795/ide/tools/bin/../lib/gcc/arm-none-eabi/7.2.1/../../../../arm-none-eabi/lib/thumb/v7e-m/fpv4-sp/hard\libcr_c.a(remove.o)
 .ARM.attributes
                0x0000070c       0x39 c:/nxp/mcuxpressoide_10.2.1_795/ide/tools/bin/../lib/gcc/arm-none-eabi/7.2.1/../../../../arm-none-eabi/lib/thumb/v7e-m/fpv4-sp/hard\libcr_c.a(strlen.o)
 .ARM.attributes
                0x00000745       0x39 c:/nxp/mcuxpressoide_10.2.1_795/ide/tools/bin/../lib/gcc/arm-none-eabi/7.2.1/../../../../arm-none-eabi/lib/thumb/v7e-m/fpv4-sp/hard\libcr_c.a(_cr_check_heap.o)
 .ARM.attributes
                0x0000077e       0x39 c:/nxp/mcuxpressoide_10.2.1_795/ide/tools/bin/../lib/gcc/arm-none-eabi/7.2.1/../../../../arm-none-eabi/lib/thumb/v7e-m/fpv4-sp/hard\libcr_c.a(_do_fflush.o)
 .ARM.attributes
                0x000007b7       0x25 c:/nxp/mcuxpressoide_10.2.1_795/ide/tools/bin/../lib/gcc/arm-none-eabi/7.2.1/thumb/v7e-m/fpv4-sp/hard\libcr_eabihelpers.a(memcpy.o)
 .ARM.attributes
                0x000007dc       0x25 c:/nxp/mcuxpressoide_10.2.1_795/ide/tools/bin/../lib/gcc/arm-none-eabi/7.2.1/../../../../arm-none-eabi/lib/thumb/v7e-m/fpv4-sp/hard\libcr_semihost_nf.a(__sys_close.o)
 .ARM.attributes
                0x00000801       0x25 c:/nxp/mcuxpressoide_10.2.1_795/ide/tools/bin/../lib/gcc/arm-none-eabi/7.2.1/../../../../arm-none-eabi/lib/thumb/v7e-m/fpv4-sp/hard\libcr_semihost_nf.a(__sys_flen.o)
 .ARM.attributes
                0x00000826       0x25 c:/nxp/mcuxpressoide_10.2.1_795/ide/tools/bin/../lib/gcc/arm-none-eabi/7.2.1/../../../../arm-none-eabi/lib/thumb/v7e-m/fpv4-sp/hard\libcr_semihost_nf.a(__sys_istty.o)
 .ARM.attributes
                0x0000084b       0x25 c:/nxp/mcuxpressoide_10.2.1_795/ide/tools/bin/../lib/gcc/arm-none-eabi/7.2.1/../../../../arm-none-eabi/lib/thumb/v7e-m/fpv4-sp/hard\libcr_semihost_nf.a(__sys_remove.o)
 .ARM.attributes
                0x00000870       0x25 c:/nxp/mcuxpressoide_10.2.1_795/ide/tools/bin/../lib/gcc/arm-none-eabi/7.2.1/../../../../arm-none-eabi/lib/thumb/v7e-m/fpv4-sp/hard\libcr_semihost_nf.a(__sys_seek.o)
 .ARM.attributes
                0x00000895       0x25 c:/nxp/mcuxpressoide_10.2.1_795/ide/tools/bin/../lib/gcc/arm-none-eabi/7.2.1/../../../../arm-none-eabi/lib/thumb/v7e-m/fpv4-sp/hard\libcr_semihost_nf.a(__sys_tmpnam.o)
 .ARM.attributes
                0x000008ba       0x25 c:/nxp/mcuxpressoide_10.2.1_795/ide/tools/bin/../lib/gcc/arm-none-eabi/7.2.1/../../../../arm-none-eabi/lib/thumb/v7e-m/fpv4-sp/hard\libcr_semihost_nf.a(__sys_write.o)

.debug_frame    0x00000000     0x1b74
 .debug_frame   0x00000000      0xa54 ./startup/startup_mk66f18.o
 .debug_frame   0x00000a54       0x7c ./source/led_driver.o
 .debug_frame   0x00000ad0       0x54 ./source/main.o
 .debug_frame   0x00000b24       0x20 ./source/semihost_hardfault.o
 .debug_frame   0x00000b44      0x9c0 ./drivers/fsl_clock.o
 .debug_frame   0x00001504       0xec ./drivers/fsl_gpio.o
 .debug_frame   0x000015f0      0x264 ./drivers/fsl_tpm.o
 .debug_frame   0x00001854       0xb8 ./board/clock_config.o
 .debug_frame   0x0000190c      0x154 ./board/peripherals.o
 .debug_frame   0x00001a60       0xa0 ./board/pin_mux.o
 .debug_frame   0x00001b00       0x74 ./CMSIS/system_MK66F18.o
